// Jest Snapshot v1, https://goo.gl/fbAQLP

exports[`actions onMouseEvent behavior 1`] = `[Function]`;

exports[`actions onMouseEvent behavior 2`] = `[Function]`;
